<?xml version="1.0"?>
<testsuites>
  <testsuite name="PhantomJS 1.9.2 (Mac OS X)" package="" timestamp="2014-01-11T07:08:12" id="0" hostname="irrelevant.home">
    <properties>
      <property name="browser.fullName" value="Mozilla/5.0 (Macintosh; Intel Mac OS X) AppleWebKit/534.34 (KHTML, like Gecko) PhantomJS/1.9.2 Safari/534.34"/>
    </properties>
  </testsuite>
  <testsuite name="PhantomJS 1.9.2 (Mac OS X)" package="" timestamp="2014-01-11T07:08:13" id="0" hostname="irrelevant.home" tests="4" errors="0" failures="0" time="0.037">
    <properties>
      <property name="browser.fullName" value="Mozilla/5.0 (Macintosh; Intel Mac OS X) AppleWebKit/534.34 (KHTML, like Gecko) PhantomJS/1.9.2 Safari/534.34"/>
    </properties>
    <testcase name="should not be null" time="0.011" classname="PhantomJS 1.9.2 (Mac OS X).Unit::Controllers Testing Bar Controller"/>
    <testcase name="should have a properly working bar controller" time="0.004" classname="PhantomJS 1.9.2 (Mac OS X).Unit::Controllers Testing Bar Controller"/>
    <testcase name="should display the title text properly" time="0.017" classname="PhantomJS 1.9.2 (Mac OS X).Unit::Directives Condiment"/>
    <testcase name="should display the title text properly" time="0.005" classname="PhantomJS 1.9.2 (Mac OS X).Unit::Directives Drink"/>
    <system-out><![CDATA[
]]></system-out>
    <system-err/>
  </testsuite>
</testsuites>
